// Jest Snapshot v1, https://goo.gl/fbAQLP

exports[`Ajax Card should match snapshot 1`] = `
<div
  className="px-card sc-bwzfXH ckAMJd"
>
  <header
    className="px-card-header sc-htpNat jvHCQd"
  >
    <span
      className="sc-bxivhb cnunnK"
    >
      My Header
    </span>
  </header>
  <section
    className="px-card-body sc-ifAKCX gEeJZq"
  >
    <section>
      Content
    </section>
  </section>
</div>
`;
