// Jest Snapshot v1, https://goo.gl/fbAQLP

exports[`Ajax Card should match snapshot 1`] = `
<div
  className="px-card ajax-card"
>
  <div
    className="px-card Card-kDrUqF hLbjWt"
  >
    <header
      className="px-card-header Card__CardHeader-Babxj frRFri"
    >
      <span
        className="Card__CardTitle-cklsrQ yYkWD"
      >
        My Header
      </span>
    </header>
    <section
      className="px-card-body Card__CardBody-hcmfrf keWRp"
    >
      <form
        className="u-mb"
        onSubmit={[Function]}
      >
        <input
          className="Input__BaseInput-gMBmrz eEXNsw"
          id="urlInput"
          onChange={[Function]}
          placeholder="Enter URL..."
          type="text"
          value="./api/example"
        />
        <button
          className="px-button Button-hYXUXp hdtnUs"
          icon={null}
          size={null}
          type="submit"
        >
          Send Request
        </button>
      </form>
      <br />
    </section>
  </div>
</div>
`;
